  Wiederherzustellende Projekte werden ermittelt...
  Alle Projekte sind f├╝r die Wiederherstellung auf dem neuesten Stand.
  LogikSpiel.Tests -> C:\Users\amjef\repo\LogikSpiel\LogikSpiel.Tests\bin\Debug\net10.0\LogikSpiel.Tests.dll
Testlauf f├╝r "C:\Users\amjef\repo\LogikSpiel\LogikSpiel.Tests\bin\Debug\net10.0\LogikSpiel.Tests.dll" (.NETCoreApp,Version=v10.0)
VSTest-Version 18.0.1 (x64)

Die Testausf├╝hrung wird gestartet, bitte warten...
Insgesamt 1 Testdateien stimmten mit dem angegebenen Muster ├╝berein.
  LogikSpiel -> C:\Users\amjef\repo\LogikSpiel\LogikSpiel\bin\Debug\net10.0-android\LogikSpiel.dll
  LogikSpiel -> C:\Users\amjef\repo\LogikSpiel\LogikSpiel\bin\Debug\net10.0-maccatalyst\maccatalyst-x64\LogikSpiel.dll
  LogikSpiel -> C:\Users\amjef\repo\LogikSpiel\LogikSpiel\bin\Debug\net10.0-ios\iossimulator-x64\LogikSpiel.dll
C:\Users\amjef\repo\LogikSpiel\LogikSpiel\Core\AsyncCommand.cs(87,41): warning CS0618: "Application.MainPage.get" ist veraltet: "This property has been deprecated. For single-window applications, use Windows[0].Page. For multi-window applications, identify and use the appropriate Window object to access the desired Page. Additionally, each element features a Window property, accessible when it's part of the current window." [C:\Users\amjef\repo\LogikSpiel\LogikSpiel\LogikSpiel.csproj::TargetFramework=net10.0-windows10.0.19041.0]
C:\Users\amjef\repo\LogikSpiel\LogikSpiel\Core\AsyncCommand.cs(176,41): warning CS0618: "Application.MainPage.get" ist veraltet: "This property has been deprecated. For single-window applications, use Windows[0].Page. For multi-window applications, identify and use the appropriate Window object to access the desired Page. Additionally, each element features a Window property, accessible when it's part of the current window." [C:\Users\amjef\repo\LogikSpiel\LogikSpiel\LogikSpiel.csproj::TargetFramework=net10.0-windows10.0.19041.0]
C:\Users\amjef\repo\LogikSpiel\LogikSpiel\ViewModel\PuzzlePageViewModel.cs(609,41): warning CS8602: Dereferenzierung eines m├Âglichen Nullverweises. [C:\Users\amjef\repo\LogikSpiel\LogikSpiel\LogikSpiel.csproj::TargetFramework=net10.0-windows10.0.19041.0]
C:\Users\amjef\repo\LogikSpiel\LogikSpiel\ViewModel\PuzzlePageViewModel.cs(471,38): warning CS8602: Dereferenzierung eines m├Âglichen Nullverweises. [C:\Users\amjef\repo\LogikSpiel\LogikSpiel\LogikSpiel.csproj::TargetFramework=net10.0-windows10.0.19041.0]
C:\Users\amjef\repo\LogikSpiel\LogikSpiel\ViewModel\PuzzlePageViewModel.cs(561,34): warning CS8602: Dereferenzierung eines m├Âglichen Nullverweises. [C:\Users\amjef\repo\LogikSpiel\LogikSpiel\LogikSpiel.csproj::TargetFramework=net10.0-windows10.0.19041.0]
  LogikSpiel -> C:\Users\amjef\repo\LogikSpiel\LogikSpiel\bin\Debug\net10.0-windows10.0.19041.0\win-x64\LogikSpiel.dll
